******************************************************************************
                  TI ARM Linker PC v20.2.2                     
******************************************************************************
>> Linked Sat Jun  5 16:24:05 2021

OUTPUT FILE NAME:   <Synthesizer.out>
ENTRY POINT SYMBOL: "_c_int00_noargs"  address: 000012ad


MEMORY CONFIGURATION

         name            origin    length      used     unused   attr    fill
----------------------  --------  ---------  --------  --------  ----  --------
  MAIN                  00000000   00040000  00001448  0003ebb8  R  X
  INFO                  00200000   00004000  00000000  00004000  R  X
  SRAM_CODE             01000000   00010000  000006de  0000f922  RW X
  SRAM_DATA             20000000   00010000  000006de  0000f922  RW  


SEGMENT ALLOCATION MAP

run origin  load origin   length   init length attrs members
----------  ----------- ---------- ----------- ----- -------
00000000    00000000    00001448   00001448    r-x
  00000000    00000000    000000e4   000000e4    r-- .intvecs
  000000e4    000000e4    0000126c   0000126c    r-x .text
  00001350    00001350    000000f8   000000f8    r-- .cinit
20000000    20000000    000004de   00000000    rw-
  20000000    20000000    00000400   00000000    rw- .sysmem
  20000400    20000400    000000de   00000000    rw- .data
2000fe00    2000fe00    00000200   00000000    rw-
  2000fe00    2000fe00    00000200   00000000    rw- .stack


SECTION ALLOCATION MAP

 output                                  attributes/
section   page    origin      length       input sections
--------  ----  ----------  ----------   ----------------
.intvecs   0    00000000    000000e4     
                  00000000    000000e4     startup_msp432p401r_ccs.obj (.intvecs:retain)

.text      0    000000e4    0000126c     
                  000000e4    00000334     system_msp432p401r.obj (.text)
                  00000418    000002e8     lcd.obj (.text)
                  00000700    000001d8     keypad.obj (.text)
                  000008d8    000001d0     main.obj (.text)
                  00000aa8    00000190     my_gpio.obj (.text)
                  00000c38    0000012c     delay.obj (.text)
                  00000d64    00000100     rtsv7M4_T_le_v4SPD16_eabi.lib : memory.c.obj (.text:aligned_alloc)
                  00000e64    000000e4                                   : memory.c.obj (.text:free)
                  00000f48    000000b0     spi.obj (.text)
                  00000ff8    0000009c     rtsv7M4_T_le_v4SPD16_eabi.lib : memcpy_t2.asm.obj (.text)
                  00001094    00000070                                   : memory.c.obj (.text:split)
                  00001104    0000006c     flag.obj (.text)
                  00001170    00000068     rtsv7M4_T_le_v4SPD16_eabi.lib : copy_decompress_lzss.c.obj (.text:decompress:lzss:__TI_decompress_lzss)
                  000011d8    0000004e     note.obj (.text)
                  00001226    00000002     rtsv7M4_T_le_v4SPD16_eabi.lib : _lock.c.obj (.text:_nop)
                  00001228    00000044                                   : autoinit.c.obj (.text:__TI_auto_init_nobinit_nopinit:__TI_auto_init_nobinit_nopinit)
                  0000126c    00000040     wave.obj (.text)
                  000012ac    00000034     rtsv7M4_T_le_v4SPD16_eabi.lib : boot_cortex_m.c.obj (.text:_c_int00_noargs:_c_int00_noargs)
                  000012e0    00000028                                   : memory.c.obj (.text:free_list_insert)
                  00001308    0000001c                                   : memory.c.obj (.text:free_list_remove)
                  00001324    0000000e                                   : copy_decompress_none.c.obj (.text:decompress:none:__TI_decompress_none)
                  00001332    0000000e     startup_msp432p401r_ccs.obj (.text)
                  00001340    00000008     rtsv7M4_T_le_v4SPD16_eabi.lib : memory.c.obj (.text:malloc)
                  00001348    00000004                                   : pre_init.c.obj (.text:_system_pre_init)
                  0000134c    00000004                                   : exit.c.obj (.text:abort:abort)

.cinit     0    00001350    000000f8     
                  00001350    000000e6     (.cinit..data.load) [load image]
                  00001436    00000002     --HOLE-- [fill = 0]
                  00001438    00000008     (__TI_handler_table)
                  00001440    00000008     (__TI_cinit_table)

.init_array 
*          0    00000000    00000000     UNINITIALIZED

.binit     0    00000000    00000000     

.data      0    20000400    000000de     UNINITIALIZED
                  20000400    000000c8     wave.obj (.data:sin_list)
                  200004c8    00000008     rtsv7M4_T_le_v4SPD16_eabi.lib : _lock.c.obj (.data:$O1$$)
                  200004d0    00000008                                   : memory.c.obj (.data:$O1$$)
                  200004d8    00000004     system_msp432p401r.obj (.data)
                  200004dc    00000001     flag.obj (.data)
                  200004dd    00000001     wave.obj (.data)

.sysmem    0    20000000    00000400     UNINITIALIZED
                  20000000    00000010     rtsv7M4_T_le_v4SPD16_eabi.lib : memory.c.obj (.sysmem)
                  20000010    000003f0     --HOLE--

.stack     0    2000fe00    00000200     UNINITIALIZED
                  2000fe00    00000004     rtsv7M4_T_le_v4SPD16_eabi.lib : boot_cortex_m.c.obj (.stack)
                  2000fe04    000001fc     --HOLE--

__llvm_prf_cnts 
*          0    20000000    00000000     UNINITIALIZED

MODULE SUMMARY

       Module                        code   ro data   rw data
       ------                        ----   -------   -------
    .\
       system_msp432p401r.obj        820    0         8      
       lcd.obj                       744    0         0      
       keypad.obj                    472    0         0      
       wave.obj                      64     0         402    
       main.obj                      464    0         0      
       my_gpio.obj                   400    0         0      
       delay.obj                     300    0         0      
       startup_msp432p401r_ccs.obj   14     228       0      
       spi.obj                       176    0         0      
       flag.obj                      108    0         2      
       note.obj                      78     0         0      
    +--+-----------------------------+------+---------+---------+
       Total:                        3640   228       412    
                                                             
    C:\ti\ccs1020\ccs\tools\compiler\ti-cgt-arm_20.2.2.LTS\lib\rtsv7M4_T_le_v4SPD16_eabi.lib
       memory.c.obj                  672    0         16     
       memcpy_t2.asm.obj             156    0         0      
       copy_decompress_lzss.c.obj    104    0         0      
       autoinit.c.obj                68     0         0      
       boot_cortex_m.c.obj           52     0         0      
       _lock.c.obj                   2      0         16     
       copy_decompress_none.c.obj    14     0         0      
       exit.c.obj                    4      0         0      
       pre_init.c.obj                4      0         0      
    +--+-----------------------------+------+---------+---------+
       Total:                        1076   0         32     
                                                             
       Heap:                         0      0         2048   
       Stack:                        0      0         1024   
       Linker Generated:             0      246       0      
    +--+-----------------------------+------+---------+---------+
       Grand Total:                  4716   474       3516   


LINKER GENERATED COPY TABLES

__TI_cinit_table @ 00001440 records: 1, size/record: 8, table size: 8
	.data: load addr=00001350, load size=000000e6 bytes, run addr=20000400, run size=000000de bytes, compression=copy


LINKER GENERATED HANDLER TABLE

__TI_handler_table @ 00001438 records: 2, size/record: 4, table size: 8
	index: 0, handler: __TI_decompress_lzss
	index: 1, handler: __TI_decompress_none


GLOBAL SYMBOLS: SORTED ALPHABETICALLY BY Name 

address   name                          
-------   ----                          
0000133f  ADC14_IRQHandler              
0000133f  AES256_IRQHandler             
0000133f  BusFault_Handler              
0000134d  C$$EXIT                       
0000133f  COMP_E0_IRQHandler            
0000133f  COMP_E1_IRQHandler            
0000133f  CS_IRQHandler                 
0000133f  DMA_ERR_IRQHandler            
0000133f  DMA_INT0_IRQHandler           
0000133f  DMA_INT1_IRQHandler           
0000133f  DMA_INT2_IRQHandler           
0000133f  DMA_INT3_IRQHandler           
0000133f  DebugMon_Handler              
0000133f  Default_Handler               
0000133f  EUSCIA0_IRQHandler            
0000133f  EUSCIA1_IRQHandler            
0000133f  EUSCIA2_IRQHandler            
0000133f  EUSCIA3_IRQHandler            
0000133f  EUSCIB0_IRQHandler            
0000133f  EUSCIB1_IRQHandler            
0000133f  EUSCIB2_IRQHandler            
0000133f  EUSCIB3_IRQHandler            
0000133f  FLCTL_IRQHandler              
0000133f  FPU_IRQHandler                
0000133f  HardFault_Handler             
0000133f  MemManage_Handler             
0000133f  NMI_Handler                   
0000133f  PCM_IRQHandler                
0000133f  PORT1_IRQHandler              
0000133f  PORT2_IRQHandler              
0000133f  PORT3_IRQHandler              
0000133f  PORT4_IRQHandler              
0000133f  PORT5_IRQHandler              
0000133f  PORT6_IRQHandler              
0000133f  PSS_IRQHandler                
0000133f  PendSV_Handler                
0000133f  RTC_C_IRQHandler              
00001333  Reset_Handler                 
0000133f  SVC_Handler                   
0000133f  SysTick_Handler               
200004d8  SystemCoreClock               
000000e5  SystemCoreClockUpdate         
0000035d  SystemInit                    
0000133f  T32_INT1_IRQHandler           
0000133f  T32_INT2_IRQHandler           
0000133f  T32_INTC_IRQHandler           
0000133f  TA0_0_IRQHandler              
0000133f  TA0_N_IRQHandler              
0000133f  TA1_0_IRQHandler              
0000133f  TA1_N_IRQHandler              
0000133f  TA2_0_IRQHandler              
0000133f  TA2_N_IRQHandler              
0000133f  TA3_0_IRQHandler              
0000133f  TA3_N_IRQHandler              
0000133f  UsageFault_Handler            
4000480c  WDTCTL_SYM                    
0000133f  WDT_A_IRQHandler              
20010000  __STACK_END                   
00000200  __STACK_SIZE                  
00000400  __SYSMEM_SIZE                 
00001440  __TI_CINIT_Base               
00001448  __TI_CINIT_Limit              
00001438  __TI_Handler_Table_Base       
00001440  __TI_Handler_Table_Limit      
00001229  __TI_auto_init_nobinit_nopinit
00001171  __TI_decompress_lzss          
00001325  __TI_decompress_none          
ffffffff  __TI_pprof_out_hndl           
ffffffff  __TI_prof_data_size           
ffffffff  __TI_prof_data_start          
00000000  __TI_static_base__            
00000ff9  __aeabi_memcpy                
00000ff9  __aeabi_memcpy4               
00000ff9  __aeabi_memcpy8               
ffffffff  __binit__                     
ffffffff  __c_args__                    
UNDEFED   __mpu_init                    
2000fe00  __stack                       
20000000  __start___llvm_prf_cnts       
20000000  __stop___llvm_prf_cnts        
000012ad  _c_int00_noargs               
200004c8  _lock                         
00001227  _nop                          
20000000  _sys_memory                   
UNDEFED   _system_post_cinit            
00001349  _system_pre_init              
200004cc  _unlock                       
0000134d  abort                         
00000d65  aligned_alloc                 
ffffffff  binit                         
00001135  check_flag                    
000006c5  clearLCD                      
0000111d  clear_flag                    
00000b0d  createInputEven               
00000b6f  createInputOdd                
00000aa9  createOutputEven              
00000adb  createOutputOdd               
00000701  debounce                      
00000c81  delay_us                      
0000072d  detectKeyPress                
00000e65  free                          
000007db  getChar                       
0000126d  get_next_sin_value            
000006d1  homeLCD                       
000005bd  initLCD                       
000011d9  init_notes                    
00000000  interruptVectors              
0000074b  keyPress                      
000008d9  main                          
00001341  malloc                        
00000d65  memalign                      
00000ff9  memcpy                        
000006dd  moveCursor                    
00000bd1  setOutEven                    
00000c05  setOutOdd                     
00001105  set_flag                      
00000717  setupKeypadPorts              
00000419  setupPorts                    
00000f49  setupSPI                      
00000c39  setup_DCO                     
00001153  toggle_flag                   
00000f93  transmit                      
00000625  writeChar                     
00000669  writeCharOffset               
0000042d  writeCmd                      
000004fb  writeData                     
00000635  writeString                   
00000685  writeStringOffset             


GLOBAL SYMBOLS: SORTED BY Symbol Address 

address   name                          
-------   ----                          
00000000  __TI_static_base__            
00000000  interruptVectors              
000000e5  SystemCoreClockUpdate         
00000200  __STACK_SIZE                  
0000035d  SystemInit                    
00000400  __SYSMEM_SIZE                 
00000419  setupPorts                    
0000042d  writeCmd                      
000004fb  writeData                     
000005bd  initLCD                       
00000625  writeChar                     
00000635  writeString                   
00000669  writeCharOffset               
00000685  writeStringOffset             
000006c5  clearLCD                      
000006d1  homeLCD                       
000006dd  moveCursor                    
00000701  debounce                      
00000717  setupKeypadPorts              
0000072d  detectKeyPress                
0000074b  keyPress                      
000007db  getChar                       
000008d9  main                          
00000aa9  createOutputEven              
00000adb  createOutputOdd               
00000b0d  createInputEven               
00000b6f  createInputOdd                
00000bd1  setOutEven                    
00000c05  setOutOdd                     
00000c39  setup_DCO                     
00000c81  delay_us                      
00000d65  aligned_alloc                 
00000d65  memalign                      
00000e65  free                          
00000f49  setupSPI                      
00000f93  transmit                      
00000ff9  __aeabi_memcpy                
00000ff9  __aeabi_memcpy4               
00000ff9  __aeabi_memcpy8               
00000ff9  memcpy                        
00001105  set_flag                      
0000111d  clear_flag                    
00001135  check_flag                    
00001153  toggle_flag                   
00001171  __TI_decompress_lzss          
000011d9  init_notes                    
00001227  _nop                          
00001229  __TI_auto_init_nobinit_nopinit
0000126d  get_next_sin_value            
000012ad  _c_int00_noargs               
00001325  __TI_decompress_none          
00001333  Reset_Handler                 
0000133f  ADC14_IRQHandler              
0000133f  AES256_IRQHandler             
0000133f  BusFault_Handler              
0000133f  COMP_E0_IRQHandler            
0000133f  COMP_E1_IRQHandler            
0000133f  CS_IRQHandler                 
0000133f  DMA_ERR_IRQHandler            
0000133f  DMA_INT0_IRQHandler           
0000133f  DMA_INT1_IRQHandler           
0000133f  DMA_INT2_IRQHandler           
0000133f  DMA_INT3_IRQHandler           
0000133f  DebugMon_Handler              
0000133f  Default_Handler               
0000133f  EUSCIA0_IRQHandler            
0000133f  EUSCIA1_IRQHandler            
0000133f  EUSCIA2_IRQHandler            
0000133f  EUSCIA3_IRQHandler            
0000133f  EUSCIB0_IRQHandler            
0000133f  EUSCIB1_IRQHandler            
0000133f  EUSCIB2_IRQHandler            
0000133f  EUSCIB3_IRQHandler            
0000133f  FLCTL_IRQHandler              
0000133f  FPU_IRQHandler                
0000133f  HardFault_Handler             
0000133f  MemManage_Handler             
0000133f  NMI_Handler                   
0000133f  PCM_IRQHandler                
0000133f  PORT1_IRQHandler              
0000133f  PORT2_IRQHandler              
0000133f  PORT3_IRQHandler              
0000133f  PORT4_IRQHandler              
0000133f  PORT5_IRQHandler              
0000133f  PORT6_IRQHandler              
0000133f  PSS_IRQHandler                
0000133f  PendSV_Handler                
0000133f  RTC_C_IRQHandler              
0000133f  SVC_Handler                   
0000133f  SysTick_Handler               
0000133f  T32_INT1_IRQHandler           
0000133f  T32_INT2_IRQHandler           
0000133f  T32_INTC_IRQHandler           
0000133f  TA0_0_IRQHandler              
0000133f  TA0_N_IRQHandler              
0000133f  TA1_0_IRQHandler              
0000133f  TA1_N_IRQHandler              
0000133f  TA2_0_IRQHandler              
0000133f  TA2_N_IRQHandler              
0000133f  TA3_0_IRQHandler              
0000133f  TA3_N_IRQHandler              
0000133f  UsageFault_Handler            
0000133f  WDT_A_IRQHandler              
00001341  malloc                        
00001349  _system_pre_init              
0000134d  C$$EXIT                       
0000134d  abort                         
00001438  __TI_Handler_Table_Base       
00001440  __TI_CINIT_Base               
00001440  __TI_Handler_Table_Limit      
00001448  __TI_CINIT_Limit              
20000000  __start___llvm_prf_cnts       
20000000  __stop___llvm_prf_cnts        
20000000  _sys_memory                   
200004c8  _lock                         
200004cc  _unlock                       
200004d8  SystemCoreClock               
2000fe00  __stack                       
20010000  __STACK_END                   
4000480c  WDTCTL_SYM                    
ffffffff  __TI_pprof_out_hndl           
ffffffff  __TI_prof_data_size           
ffffffff  __TI_prof_data_start          
ffffffff  __binit__                     
ffffffff  __c_args__                    
ffffffff  binit                         
UNDEFED   __mpu_init                    
UNDEFED   _system_post_cinit            

[128 symbols]
