******************************************************************************
                  TI ARM Linker PC v20.2.2                     
******************************************************************************
>> Linked Sun May 30 16:28:02 2021

OUTPUT FILE NAME:   <Synthesizer.out>
ENTRY POINT SYMBOL: "_c_int00_noargs"  address: 00000c25


MEMORY CONFIGURATION

         name            origin    length      used     unused   attr    fill
----------------------  --------  ---------  --------  --------  ----  --------
  MAIN                  00000000   00040000  00000c94  0003f36c  R  X
  INFO                  00200000   00004000  00000000  00004000  R  X
  SRAM_CODE             01000000   00010000  00000204  0000fdfc  RW X
  SRAM_DATA             20000000   00010000  00000204  0000fdfc  RW  


SEGMENT ALLOCATION MAP

run origin  load origin   length   init length attrs members
----------  ----------- ---------- ----------- ----- -------
00000000    00000000    00000c98   00000c98    r-x
  00000000    00000000    000000e4   000000e4    r-- .intvecs
  000000e4    000000e4    00000b98   00000b98    r-x .text
  00000c80    00000c80    00000018   00000018    r-- .cinit
20000000    20000000    00000004   00000000    rw-
  20000000    20000000    00000004   00000000    rw- .data
2000fe00    2000fe00    00000200   00000000    rw-
  2000fe00    2000fe00    00000200   00000000    rw- .stack


SECTION ALLOCATION MAP

 output                                  attributes/
section   page    origin      length       input sections
--------  ----  ----------  ----------   ----------------
.intvecs   0    00000000    000000e4     
                  00000000    000000e4     startup_msp432p401r_ccs.obj (.intvecs:retain)

.text      0    000000e4    00000b98     
                  000000e4    00000334     system_msp432p401r.obj (.text)
                  00000418    000002e8     lcd.obj (.text)
                  00000700    00000190     my_gpio.obj (.text)
                  00000890    0000012c     delay.obj (.text)
                  000009bc    000000b0     spi.obj (.text)
                  00000a6c    0000009c     rtsv7M4_T_le_v4SPD16_eabi.lib : memcpy_t2.asm.obj (.text)
                  00000b08    00000070     main.obj (.text)
                  00000b78    00000068     rtsv7M4_T_le_v4SPD16_eabi.lib : copy_decompress_lzss.c.obj (.text:decompress:lzss:__TI_decompress_lzss)
                  00000be0    00000044                                   : autoinit.c.obj (.text:__TI_auto_init_nobinit_nopinit:__TI_auto_init_nobinit_nopinit)
                  00000c24    00000034                                   : boot_cortex_m.c.obj (.text:_c_int00_noargs:_c_int00_noargs)
                  00000c58    0000000e                                   : copy_decompress_none.c.obj (.text:decompress:none:__TI_decompress_none)
                  00000c66    0000000e     startup_msp432p401r_ccs.obj (.text)
                  00000c74    00000004     rtsv7M4_T_le_v4SPD16_eabi.lib : pre_init.c.obj (.text:_system_pre_init)
                  00000c78    00000004                                   : exit.c.obj (.text:abort:abort)

.cinit     0    00000c80    00000018     
                  00000c80    00000008     (.cinit..data.load) [load image, compression = lzss]
                  00000c88    00000008     (__TI_handler_table)
                  00000c90    00000008     (__TI_cinit_table)

.init_array 
*          0    00000000    00000000     UNINITIALIZED

.binit     0    00000000    00000000     

.data      0    20000000    00000004     UNINITIALIZED
                  20000000    00000004     system_msp432p401r.obj (.data)

.stack     0    2000fe00    00000200     UNINITIALIZED
                  2000fe00    00000004     rtsv7M4_T_le_v4SPD16_eabi.lib : boot_cortex_m.c.obj (.stack)
                  2000fe04    000001fc     --HOLE--

__llvm_prf_cnts 
*          0    20000000    00000000     UNINITIALIZED

MODULE SUMMARY

       Module                        code   ro data   rw data
       ------                        ----   -------   -------
    .\
       system_msp432p401r.obj        820    0         8      
       lcd.obj                       744    0         0      
       my_gpio.obj                   400    0         0      
       delay.obj                     300    0         0      
       startup_msp432p401r_ccs.obj   14     228       0      
       spi.obj                       176    0         0      
       main.obj                      112    0         0      
    +--+-----------------------------+------+---------+---------+
       Total:                        2566   228       8      
                                                             
    C:\ti\ccs1020\ccs\tools\compiler\ti-cgt-arm_20.2.2.LTS\lib\rtsv7M4_T_le_v4SPD16_eabi.lib
       memcpy_t2.asm.obj             156    0         0      
       copy_decompress_lzss.c.obj    104    0         0      
       autoinit.c.obj                68     0         0      
       boot_cortex_m.c.obj           52     0         0      
       copy_decompress_none.c.obj    14     0         0      
       exit.c.obj                    4      0         0      
       pre_init.c.obj                4      0         0      
    +--+-----------------------------+------+---------+---------+
       Total:                        402    0         0      
                                                             
       Stack:                        0      0         1024   
       Linker Generated:             0      24        0      
    +--+-----------------------------+------+---------+---------+
       Grand Total:                  2968   252       1032   


LINKER GENERATED COPY TABLES

__TI_cinit_table @ 00000c90 records: 1, size/record: 8, table size: 8
	.data: load addr=00000c80, load size=00000008 bytes, run addr=20000000, run size=00000004 bytes, compression=lzss


LINKER GENERATED HANDLER TABLE

__TI_handler_table @ 00000c88 records: 2, size/record: 4, table size: 8
	index: 0, handler: __TI_decompress_lzss
	index: 1, handler: __TI_decompress_none


GLOBAL SYMBOLS: SORTED ALPHABETICALLY BY Name 

address   name                          
-------   ----                          
00000c73  ADC14_IRQHandler              
00000c73  AES256_IRQHandler             
00000c73  BusFault_Handler              
00000c79  C$$EXIT                       
00000c73  COMP_E0_IRQHandler            
00000c73  COMP_E1_IRQHandler            
00000c73  CS_IRQHandler                 
00000c73  DMA_ERR_IRQHandler            
00000c73  DMA_INT0_IRQHandler           
00000c73  DMA_INT1_IRQHandler           
00000c73  DMA_INT2_IRQHandler           
00000c73  DMA_INT3_IRQHandler           
00000c73  DebugMon_Handler              
00000c73  Default_Handler               
00000c73  EUSCIA0_IRQHandler            
00000c73  EUSCIA1_IRQHandler            
00000c73  EUSCIA2_IRQHandler            
00000c73  EUSCIA3_IRQHandler            
00000c73  EUSCIB0_IRQHandler            
00000c73  EUSCIB1_IRQHandler            
00000c73  EUSCIB2_IRQHandler            
00000c73  EUSCIB3_IRQHandler            
00000c73  FLCTL_IRQHandler              
00000c73  FPU_IRQHandler                
00000c73  HardFault_Handler             
00000c73  MemManage_Handler             
00000c73  NMI_Handler                   
00000c73  PCM_IRQHandler                
00000c73  PORT1_IRQHandler              
00000c73  PORT2_IRQHandler              
00000c73  PORT3_IRQHandler              
00000c73  PORT4_IRQHandler              
00000c73  PORT5_IRQHandler              
00000c73  PORT6_IRQHandler              
00000c73  PSS_IRQHandler                
00000c73  PendSV_Handler                
00000c73  RTC_C_IRQHandler              
00000c67  Reset_Handler                 
00000c73  SVC_Handler                   
00000c73  SysTick_Handler               
20000000  SystemCoreClock               
000000e5  SystemCoreClockUpdate         
0000035d  SystemInit                    
00000c73  T32_INT1_IRQHandler           
00000c73  T32_INT2_IRQHandler           
00000c73  T32_INTC_IRQHandler           
00000c73  TA0_0_IRQHandler              
00000c73  TA0_N_IRQHandler              
00000c73  TA1_0_IRQHandler              
00000c73  TA1_N_IRQHandler              
00000c73  TA2_0_IRQHandler              
00000c73  TA2_N_IRQHandler              
00000c73  TA3_0_IRQHandler              
00000c73  TA3_N_IRQHandler              
00000c73  UsageFault_Handler            
4000480c  WDTCTL_SYM                    
00000c73  WDT_A_IRQHandler              
20010000  __STACK_END                   
00000200  __STACK_SIZE                  
00000c90  __TI_CINIT_Base               
00000c98  __TI_CINIT_Limit              
00000c88  __TI_Handler_Table_Base       
00000c90  __TI_Handler_Table_Limit      
00000be1  __TI_auto_init_nobinit_nopinit
00000b79  __TI_decompress_lzss          
00000c59  __TI_decompress_none          
ffffffff  __TI_pprof_out_hndl           
ffffffff  __TI_prof_data_size           
ffffffff  __TI_prof_data_start          
00000000  __TI_static_base__            
00000a6d  __aeabi_memcpy                
00000a6d  __aeabi_memcpy4               
00000a6d  __aeabi_memcpy8               
ffffffff  __binit__                     
ffffffff  __c_args__                    
UNDEFED   __mpu_init                    
2000fe00  __stack                       
20000000  __start___llvm_prf_cnts       
20000000  __stop___llvm_prf_cnts        
00000c25  _c_int00_noargs               
UNDEFED   _system_post_cinit            
00000c75  _system_pre_init              
00000c79  abort                         
ffffffff  binit                         
000006c5  clearLCD                      
00000765  createInputEven               
000007c7  createInputOdd                
00000701  createOutputEven              
00000733  createOutputOdd               
000008d9  delay_us                      
000006d1  homeLCD                       
000005bd  initLCD                       
00000000  interruptVectors              
00000b09  main                          
00000a6d  memcpy                        
000006dd  moveCursor                    
00000829  setOutEven                    
0000085d  setOutOdd                     
00000419  setupPorts                    
000009bd  setupSPI                      
00000891  setup_DCO                     
00000a07  transmit                      
00000625  writeChar                     
00000669  writeCharOffset               
0000042d  writeCmd                      
000004fb  writeData                     
00000635  writeString                   
00000685  writeStringOffset             


GLOBAL SYMBOLS: SORTED BY Symbol Address 

address   name                          
-------   ----                          
00000000  __TI_static_base__            
00000000  interruptVectors              
000000e5  SystemCoreClockUpdate         
00000200  __STACK_SIZE                  
0000035d  SystemInit                    
00000419  setupPorts                    
0000042d  writeCmd                      
000004fb  writeData                     
000005bd  initLCD                       
00000625  writeChar                     
00000635  writeString                   
00000669  writeCharOffset               
00000685  writeStringOffset             
000006c5  clearLCD                      
000006d1  homeLCD                       
000006dd  moveCursor                    
00000701  createOutputEven              
00000733  createOutputOdd               
00000765  createInputEven               
000007c7  createInputOdd                
00000829  setOutEven                    
0000085d  setOutOdd                     
00000891  setup_DCO                     
000008d9  delay_us                      
000009bd  setupSPI                      
00000a07  transmit                      
00000a6d  __aeabi_memcpy                
00000a6d  __aeabi_memcpy4               
00000a6d  __aeabi_memcpy8               
00000a6d  memcpy                        
00000b09  main                          
00000b79  __TI_decompress_lzss          
00000be1  __TI_auto_init_nobinit_nopinit
00000c25  _c_int00_noargs               
00000c59  __TI_decompress_none          
00000c67  Reset_Handler                 
00000c73  ADC14_IRQHandler              
00000c73  AES256_IRQHandler             
00000c73  BusFault_Handler              
00000c73  COMP_E0_IRQHandler            
00000c73  COMP_E1_IRQHandler            
00000c73  CS_IRQHandler                 
00000c73  DMA_ERR_IRQHandler            
00000c73  DMA_INT0_IRQHandler           
00000c73  DMA_INT1_IRQHandler           
00000c73  DMA_INT2_IRQHandler           
00000c73  DMA_INT3_IRQHandler           
00000c73  DebugMon_Handler              
00000c73  Default_Handler               
00000c73  EUSCIA0_IRQHandler            
00000c73  EUSCIA1_IRQHandler            
00000c73  EUSCIA2_IRQHandler            
00000c73  EUSCIA3_IRQHandler            
00000c73  EUSCIB0_IRQHandler            
00000c73  EUSCIB1_IRQHandler            
00000c73  EUSCIB2_IRQHandler            
00000c73  EUSCIB3_IRQHandler            
00000c73  FLCTL_IRQHandler              
00000c73  FPU_IRQHandler                
00000c73  HardFault_Handler             
00000c73  MemManage_Handler             
00000c73  NMI_Handler                   
00000c73  PCM_IRQHandler                
00000c73  PORT1_IRQHandler              
00000c73  PORT2_IRQHandler              
00000c73  PORT3_IRQHandler              
00000c73  PORT4_IRQHandler              
00000c73  PORT5_IRQHandler              
00000c73  PORT6_IRQHandler              
00000c73  PSS_IRQHandler                
00000c73  PendSV_Handler                
00000c73  RTC_C_IRQHandler              
00000c73  SVC_Handler                   
00000c73  SysTick_Handler               
00000c73  T32_INT1_IRQHandler           
00000c73  T32_INT2_IRQHandler           
00000c73  T32_INTC_IRQHandler           
00000c73  TA0_0_IRQHandler              
00000c73  TA0_N_IRQHandler              
00000c73  TA1_0_IRQHandler              
00000c73  TA1_N_IRQHandler              
00000c73  TA2_0_IRQHandler              
00000c73  TA2_N_IRQHandler              
00000c73  TA3_0_IRQHandler              
00000c73  TA3_N_IRQHandler              
00000c73  UsageFault_Handler            
00000c73  WDT_A_IRQHandler              
00000c75  _system_pre_init              
00000c79  C$$EXIT                       
00000c79  abort                         
00000c88  __TI_Handler_Table_Base       
00000c90  __TI_CINIT_Base               
00000c90  __TI_Handler_Table_Limit      
00000c98  __TI_CINIT_Limit              
20000000  SystemCoreClock               
20000000  __start___llvm_prf_cnts       
20000000  __stop___llvm_prf_cnts        
2000fe00  __stack                       
20010000  __STACK_END                   
4000480c  WDTCTL_SYM                    
ffffffff  __TI_pprof_out_hndl           
ffffffff  __TI_prof_data_size           
ffffffff  __TI_prof_data_start          
ffffffff  __binit__                     
ffffffff  __c_args__                    
ffffffff  binit                         
UNDEFED   __mpu_init                    
UNDEFED   _system_post_cinit            

[108 symbols]
