******************************************************************************
                  TI ARM Linker PC v20.2.2                     
******************************************************************************
>> Linked Mon Jun  7 19:44:03 2021

OUTPUT FILE NAME:   <Synthesizer.out>
ENTRY POINT SYMBOL: "_c_int00_noargs"  address: 000014a5


MEMORY CONFIGURATION

         name            origin    length      used     unused   attr    fill
----------------------  --------  ---------  --------  --------  ----  --------
  MAIN                  00000000   00040000  00001734  0003e8cc  R  X
  INFO                  00200000   00004000  00000000  00004000  R  X
  SRAM_CODE             01000000   00010000  0000086e  0000f792  RW X
  SRAM_DATA             20000000   00010000  0000086e  0000f792  RW  


SEGMENT ALLOCATION MAP

run origin  load origin   length   init length attrs members
----------  ----------- ---------- ----------- ----- -------
00000000    00000000    00001734   00001734    r-x
  00000000    00000000    000000e4   000000e4    r-- .intvecs
  000000e4    000000e4    00001464   00001464    r-x .text
  00001548    00001548    000001ec   000001ec    r-- .cinit
20000000    20000000    0000066e   00000000    rw-
  20000000    20000000    00000400   00000000    rw- .sysmem
  20000400    20000400    0000026e   00000000    rw- .data
2000fe00    2000fe00    00000200   00000000    rw-
  2000fe00    2000fe00    00000200   00000000    rw- .stack


SECTION ALLOCATION MAP

 output                                  attributes/
section   page    origin      length       input sections
--------  ----  ----------  ----------   ----------------
.intvecs   0    00000000    000000e4     
                  00000000    000000e4     startup_msp432p401r_ccs.obj (.intvecs:retain)

.text      0    000000e4    00001464     
                  000000e4    00000334     system_msp432p401r.obj (.text)
                  00000418    000002e8     lcd.obj (.text)
                  00000700    000001d8     keypad.obj (.text)
                  000008d8    000001b8     main.obj (.text)
                  00000a90    00000190     my_gpio.obj (.text)
                  00000c20    0000012c     delay.obj (.text)
                  00000d4c    0000012c     recording.obj (.text)
                  00000e78    00000124     wave.obj (.text)
                  00000f9c    00000100     rtsv7M4_T_le_v4SPD16_eabi.lib : memory.c.obj (.text:aligned_alloc)
                  0000109c    000000e4                                   : memory.c.obj (.text:free)
                  00001180    000000b0     spi.obj (.text)
                  00001230    0000009c     rtsv7M4_T_le_v4SPD16_eabi.lib : memcpy_t2.asm.obj (.text)
                  000012cc    00000070                                   : memory.c.obj (.text:split)
                  0000133c    0000006c     flag.obj (.text)
                  000013a8    00000068     rtsv7M4_T_le_v4SPD16_eabi.lib : copy_decompress_lzss.c.obj (.text:decompress:lzss:__TI_decompress_lzss)
                  00001410    0000004e     note.obj (.text)
                  0000145e    00000002     rtsv7M4_T_le_v4SPD16_eabi.lib : _lock.c.obj (.text:_nop)
                  00001460    00000044                                   : autoinit.c.obj (.text:__TI_auto_init_nobinit_nopinit:__TI_auto_init_nobinit_nopinit)
                  000014a4    00000034                                   : boot_cortex_m.c.obj (.text:_c_int00_noargs:_c_int00_noargs)
                  000014d8    00000028                                   : memory.c.obj (.text:free_list_insert)
                  00001500    0000001c                                   : memory.c.obj (.text:free_list_remove)
                  0000151c    0000000e                                   : copy_decompress_none.c.obj (.text:decompress:none:__TI_decompress_none)
                  0000152a    0000000e     startup_msp432p401r_ccs.obj (.text)
                  00001538    00000008     rtsv7M4_T_le_v4SPD16_eabi.lib : memory.c.obj (.text:malloc)
                  00001540    00000004                                   : pre_init.c.obj (.text:_system_pre_init)
                  00001544    00000004                                   : exit.c.obj (.text:abort:abort)

.cinit     0    00001548    000001ec     
                  00001548    000001db     (.cinit..data.load) [load image, compression = lzss]
                  00001723    00000001     --HOLE-- [fill = 0]
                  00001724    00000008     (__TI_handler_table)
                  0000172c    00000008     (__TI_cinit_table)

.init_array 
*          0    00000000    00000000     UNINITIALIZED

.binit     0    00000000    00000000     

.data      0    20000400    0000026e     UNINITIALIZED
                  20000400    000000c8     wave.obj (.data:saw_tooth)
                  200004c8    000000c8     wave.obj (.data:sin_list)
                  20000590    000000c8     wave.obj (.data:square)
                  20000658    00000008     rtsv7M4_T_le_v4SPD16_eabi.lib : _lock.c.obj (.data:$O1$$)
                  20000660    00000008                                   : memory.c.obj (.data:$O1$$)
                  20000668    00000004     system_msp432p401r.obj (.data)
                  2000066c    00000001     flag.obj (.data)
                  2000066d    00000001     wave.obj (.data)

.sysmem    0    20000000    00000400     UNINITIALIZED
                  20000000    00000010     rtsv7M4_T_le_v4SPD16_eabi.lib : memory.c.obj (.sysmem)
                  20000010    000003f0     --HOLE--

.stack     0    2000fe00    00000200     UNINITIALIZED
                  2000fe00    00000004     rtsv7M4_T_le_v4SPD16_eabi.lib : boot_cortex_m.c.obj (.stack)
                  2000fe04    000001fc     --HOLE--

__llvm_prf_cnts 
*          0    20000000    00000000     UNINITIALIZED

MODULE SUMMARY

       Module                        code   ro data   rw data
       ------                        ----   -------   -------
    .\
       wave.obj                      292    0         1202   
       system_msp432p401r.obj        820    0         8      
       lcd.obj                       744    0         0      
       keypad.obj                    472    0         0      
       main.obj                      440    0         0      
       my_gpio.obj                   400    0         0      
       delay.obj                     300    0         0      
       recording.obj                 300    0         0      
       startup_msp432p401r_ccs.obj   14     228       0      
       spi.obj                       176    0         0      
       flag.obj                      108    0         2      
       note.obj                      78     0         0      
    +--+-----------------------------+------+---------+---------+
       Total:                        4144   228       1212   
                                                             
    C:\ti\ccs1020\ccs\tools\compiler\ti-cgt-arm_20.2.2.LTS\lib\rtsv7M4_T_le_v4SPD16_eabi.lib
       memory.c.obj                  672    0         16     
       memcpy_t2.asm.obj             156    0         0      
       copy_decompress_lzss.c.obj    104    0         0      
       autoinit.c.obj                68     0         0      
       boot_cortex_m.c.obj           52     0         0      
       _lock.c.obj                   2      0         16     
       copy_decompress_none.c.obj    14     0         0      
       exit.c.obj                    4      0         0      
       pre_init.c.obj                4      0         0      
    +--+-----------------------------+------+---------+---------+
       Total:                        1076   0         32     
                                                             
       Heap:                         0      0         2048   
       Stack:                        0      0         1024   
       Linker Generated:             0      491       0      
    +--+-----------------------------+------+---------+---------+
       Grand Total:                  5220   719       4316   


LINKER GENERATED COPY TABLES

__TI_cinit_table @ 0000172c records: 1, size/record: 8, table size: 8
	.data: load addr=00001548, load size=000001db bytes, run addr=20000400, run size=0000026e bytes, compression=lzss


LINKER GENERATED HANDLER TABLE

__TI_handler_table @ 00001724 records: 2, size/record: 4, table size: 8
	index: 0, handler: __TI_decompress_lzss
	index: 1, handler: __TI_decompress_none


GLOBAL SYMBOLS: SORTED ALPHABETICALLY BY Name 

address   name                          
-------   ----                          
00001537  ADC14_IRQHandler              
00001537  AES256_IRQHandler             
00001537  BusFault_Handler              
00001545  C$$EXIT                       
00001537  COMP_E0_IRQHandler            
00001537  COMP_E1_IRQHandler            
00001537  CS_IRQHandler                 
00001537  DMA_ERR_IRQHandler            
00001537  DMA_INT0_IRQHandler           
00001537  DMA_INT1_IRQHandler           
00001537  DMA_INT2_IRQHandler           
00001537  DMA_INT3_IRQHandler           
00001537  DebugMon_Handler              
00001537  Default_Handler               
00001537  EUSCIA0_IRQHandler            
00001537  EUSCIA1_IRQHandler            
00001537  EUSCIA2_IRQHandler            
00001537  EUSCIA3_IRQHandler            
00001537  EUSCIB0_IRQHandler            
00001537  EUSCIB1_IRQHandler            
00001537  EUSCIB2_IRQHandler            
00001537  EUSCIB3_IRQHandler            
00001537  FLCTL_IRQHandler              
00001537  FPU_IRQHandler                
00001537  HardFault_Handler             
00001537  MemManage_Handler             
00001537  NMI_Handler                   
00001537  PCM_IRQHandler                
00001537  PORT1_IRQHandler              
00001537  PORT2_IRQHandler              
00001537  PORT3_IRQHandler              
00001537  PORT4_IRQHandler              
00001537  PORT5_IRQHandler              
00001537  PORT6_IRQHandler              
00001537  PSS_IRQHandler                
00001537  PendSV_Handler                
00001537  RTC_C_IRQHandler              
0000152b  Reset_Handler                 
00001537  SVC_Handler                   
00001537  SysTick_Handler               
20000668  SystemCoreClock               
000000e5  SystemCoreClockUpdate         
0000035d  SystemInit                    
00001537  T32_INT1_IRQHandler           
00001537  T32_INT2_IRQHandler           
00001537  T32_INTC_IRQHandler           
00001537  TA0_0_IRQHandler              
00001537  TA0_N_IRQHandler              
00001537  TA1_0_IRQHandler              
00001537  TA1_N_IRQHandler              
00001537  TA2_0_IRQHandler              
00001537  TA2_N_IRQHandler              
00001537  TA3_0_IRQHandler              
00001537  TA3_N_IRQHandler              
00001537  UsageFault_Handler            
4000480c  WDTCTL_SYM                    
00001537  WDT_A_IRQHandler              
20010000  __STACK_END                   
00000200  __STACK_SIZE                  
00000400  __SYSMEM_SIZE                 
0000172c  __TI_CINIT_Base               
00001734  __TI_CINIT_Limit              
00001724  __TI_Handler_Table_Base       
0000172c  __TI_Handler_Table_Limit      
00001461  __TI_auto_init_nobinit_nopinit
000013a9  __TI_decompress_lzss          
0000151d  __TI_decompress_none          
ffffffff  __TI_pprof_out_hndl           
ffffffff  __TI_prof_data_size           
ffffffff  __TI_prof_data_start          
00000000  __TI_static_base__            
00001231  __aeabi_memcpy                
00001231  __aeabi_memcpy4               
00001231  __aeabi_memcpy8               
ffffffff  __binit__                     
ffffffff  __c_args__                    
UNDEFED   __mpu_init                    
2000fe00  __stack                       
20000000  __start___llvm_prf_cnts       
20000000  __stop___llvm_prf_cnts        
000014a5  _c_int00_noargs               
20000658  _lock                         
0000145f  _nop                          
20000000  _sys_memory                   
UNDEFED   _system_post_cinit            
00001541  _system_pre_init              
2000065c  _unlock                       
00001545  abort                         
00000f9d  aligned_alloc                 
ffffffff  binit                         
00000ee1  change_wave                   
0000136d  check_flag                    
000006c5  clearLCD                      
00001355  clear_flag                    
00000af5  createInputEven               
00000b57  createInputOdd                
00000a91  createOutputEven              
00000ac3  createOutputOdd               
00000701  debounce                      
00000c69  delay_us                      
0000072d  detectKeyPress                
0000109d  free                          
00000e2b  free_recording                
000007db  getChar                       
00000e79  get_next_value                
000006d1  homeLCD                       
000005bd  initLCD                       
00001411  init_notes                    
00000000  interruptVectors              
0000074b  keyPress                      
000008d9  main                          
00001539  malloc                        
00000f9d  memalign                      
00001231  memcpy                        
000006dd  moveCursor                    
00000d95  playback                      
00000d4d  recording                     
00000bb9  setOutEven                    
00000bed  setOutOdd                     
0000133d  set_flag                      
00000717  setupKeypadPorts              
00000419  setupPorts                    
00001181  setupSPI                      
00000c21  setup_DCO                     
0000138b  toggle_flag                   
000011cb  transmit                      
00000625  writeChar                     
00000669  writeCharOffset               
0000042d  writeCmd                      
000004fb  writeData                     
00000635  writeString                   
00000685  writeStringOffset             


GLOBAL SYMBOLS: SORTED BY Symbol Address 

address   name                          
-------   ----                          
00000000  __TI_static_base__            
00000000  interruptVectors              
000000e5  SystemCoreClockUpdate         
00000200  __STACK_SIZE                  
0000035d  SystemInit                    
00000400  __SYSMEM_SIZE                 
00000419  setupPorts                    
0000042d  writeCmd                      
000004fb  writeData                     
000005bd  initLCD                       
00000625  writeChar                     
00000635  writeString                   
00000669  writeCharOffset               
00000685  writeStringOffset             
000006c5  clearLCD                      
000006d1  homeLCD                       
000006dd  moveCursor                    
00000701  debounce                      
00000717  setupKeypadPorts              
0000072d  detectKeyPress                
0000074b  keyPress                      
000007db  getChar                       
000008d9  main                          
00000a91  createOutputEven              
00000ac3  createOutputOdd               
00000af5  createInputEven               
00000b57  createInputOdd                
00000bb9  setOutEven                    
00000bed  setOutOdd                     
00000c21  setup_DCO                     
00000c69  delay_us                      
00000d4d  recording                     
00000d95  playback                      
00000e2b  free_recording                
00000e79  get_next_value                
00000ee1  change_wave                   
00000f9d  aligned_alloc                 
00000f9d  memalign                      
0000109d  free                          
00001181  setupSPI                      
000011cb  transmit                      
00001231  __aeabi_memcpy                
00001231  __aeabi_memcpy4               
00001231  __aeabi_memcpy8               
00001231  memcpy                        
0000133d  set_flag                      
00001355  clear_flag                    
0000136d  check_flag                    
0000138b  toggle_flag                   
000013a9  __TI_decompress_lzss          
00001411  init_notes                    
0000145f  _nop                          
00001461  __TI_auto_init_nobinit_nopinit
000014a5  _c_int00_noargs               
0000151d  __TI_decompress_none          
0000152b  Reset_Handler                 
00001537  ADC14_IRQHandler              
00001537  AES256_IRQHandler             
00001537  BusFault_Handler              
00001537  COMP_E0_IRQHandler            
00001537  COMP_E1_IRQHandler            
00001537  CS_IRQHandler                 
00001537  DMA_ERR_IRQHandler            
00001537  DMA_INT0_IRQHandler           
00001537  DMA_INT1_IRQHandler           
00001537  DMA_INT2_IRQHandler           
00001537  DMA_INT3_IRQHandler           
00001537  DebugMon_Handler              
00001537  Default_Handler               
00001537  EUSCIA0_IRQHandler            
00001537  EUSCIA1_IRQHandler            
00001537  EUSCIA2_IRQHandler            
00001537  EUSCIA3_IRQHandler            
00001537  EUSCIB0_IRQHandler            
00001537  EUSCIB1_IRQHandler            
00001537  EUSCIB2_IRQHandler            
00001537  EUSCIB3_IRQHandler            
00001537  FLCTL_IRQHandler              
00001537  FPU_IRQHandler                
00001537  HardFault_Handler             
00001537  MemManage_Handler             
00001537  NMI_Handler                   
00001537  PCM_IRQHandler                
00001537  PORT1_IRQHandler              
00001537  PORT2_IRQHandler              
00001537  PORT3_IRQHandler              
00001537  PORT4_IRQHandler              
00001537  PORT5_IRQHandler              
00001537  PORT6_IRQHandler              
00001537  PSS_IRQHandler                
00001537  PendSV_Handler                
00001537  RTC_C_IRQHandler              
00001537  SVC_Handler                   
00001537  SysTick_Handler               
00001537  T32_INT1_IRQHandler           
00001537  T32_INT2_IRQHandler           
00001537  T32_INTC_IRQHandler           
00001537  TA0_0_IRQHandler              
00001537  TA0_N_IRQHandler              
00001537  TA1_0_IRQHandler              
00001537  TA1_N_IRQHandler              
00001537  TA2_0_IRQHandler              
00001537  TA2_N_IRQHandler              
00001537  TA3_0_IRQHandler              
00001537  TA3_N_IRQHandler              
00001537  UsageFault_Handler            
00001537  WDT_A_IRQHandler              
00001539  malloc                        
00001541  _system_pre_init              
00001545  C$$EXIT                       
00001545  abort                         
00001724  __TI_Handler_Table_Base       
0000172c  __TI_CINIT_Base               
0000172c  __TI_Handler_Table_Limit      
00001734  __TI_CINIT_Limit              
20000000  __start___llvm_prf_cnts       
20000000  __stop___llvm_prf_cnts        
20000000  _sys_memory                   
20000658  _lock                         
2000065c  _unlock                       
20000668  SystemCoreClock               
2000fe00  __stack                       
20010000  __STACK_END                   
4000480c  WDTCTL_SYM                    
ffffffff  __TI_pprof_out_hndl           
ffffffff  __TI_prof_data_size           
ffffffff  __TI_prof_data_start          
ffffffff  __binit__                     
ffffffff  __c_args__                    
ffffffff  binit                         
UNDEFED   __mpu_init                    
UNDEFED   _system_post_cinit            

[132 symbols]
