******************************************************************************
                  TI ARM Linker PC v20.2.2                     
******************************************************************************
>> Linked Mon Jun  7 18:38:31 2021

OUTPUT FILE NAME:   <Synthesizer.out>
ENTRY POINT SYMBOL: "_c_int00_noargs"  address: 000012e5


MEMORY CONFIGURATION

         name            origin    length      used     unused   attr    fill
----------------------  --------  ---------  --------  --------  ----  --------
  MAIN                  00000000   00040000  000013b4  0003ec4c  R  X
  INFO                  00200000   00004000  00000000  00004000  R  X
  SRAM_CODE             01000000   00010000  000006de  0000f922  RW X
  SRAM_DATA             20000000   00010000  000006de  0000f922  RW  


SEGMENT ALLOCATION MAP

run origin  load origin   length   init length attrs members
----------  ----------- ---------- ----------- ----- -------
00000000    00000000    000013b4   000013b4    r-x
  00000000    00000000    000000e4   000000e4    r-- .intvecs
  000000e4    000000e4    000012a4   000012a4    r-x .text
  00001388    00001388    0000002c   0000002c    r-- .cinit
20000000    20000000    000004de   00000000    rw-
  20000000    20000000    00000400   00000000    rw- .sysmem
  20000400    20000400    000000de   00000000    rw- .data
2000fe00    2000fe00    00000200   00000000    rw-
  2000fe00    2000fe00    00000200   00000000    rw- .stack


SECTION ALLOCATION MAP

 output                                  attributes/
section   page    origin      length       input sections
--------  ----  ----------  ----------   ----------------
.intvecs   0    00000000    000000e4     
                  00000000    000000e4     startup_msp432p401r_ccs.obj (.intvecs:retain)

.text      0    000000e4    000012a4     
                  000000e4    00000334     system_msp432p401r.obj (.text)
                  00000418    000002e8     lcd.obj (.text)
                  00000700    000001d8     keypad.obj (.text)
                  000008d8    00000190     my_gpio.obj (.text)
                  00000a68    0000012c     delay.obj (.text)
                  00000b94    00000128     main.obj (.text)
                  00000cbc    00000100     rtsv7M4_T_le_v4SPD16_eabi.lib : memory.c.obj (.text:aligned_alloc)
                  00000dbc    000000e4                                   : memory.c.obj (.text:free)
                  00000ea0    000000e0     recording.obj (.text)
                  00000f80    000000b0     spi.obj (.text)
                  00001030    0000009c     rtsv7M4_T_le_v4SPD16_eabi.lib : memcpy_t2.asm.obj (.text)
                  000010cc    00000070                                   : memory.c.obj (.text:split)
                  0000113c    0000006c     flag.obj (.text)
                  000011a8    00000068     rtsv7M4_T_le_v4SPD16_eabi.lib : copy_decompress_lzss.c.obj (.text:decompress:lzss:__TI_decompress_lzss)
                  00001210    0000004e     note.obj (.text)
                  0000125e    00000002     rtsv7M4_T_le_v4SPD16_eabi.lib : _lock.c.obj (.text:_nop)
                  00001260    00000044                                   : autoinit.c.obj (.text:__TI_auto_init_nobinit_nopinit:__TI_auto_init_nobinit_nopinit)
                  000012a4    00000040     wave.obj (.text)
                  000012e4    00000034     rtsv7M4_T_le_v4SPD16_eabi.lib : boot_cortex_m.c.obj (.text:_c_int00_noargs:_c_int00_noargs)
                  00001318    00000028                                   : memory.c.obj (.text:free_list_insert)
                  00001340    0000001c                                   : memory.c.obj (.text:free_list_remove)
                  0000135c    0000000e                                   : copy_decompress_none.c.obj (.text:decompress:none:__TI_decompress_none)
                  0000136a    0000000e     startup_msp432p401r_ccs.obj (.text)
                  00001378    00000008     rtsv7M4_T_le_v4SPD16_eabi.lib : memory.c.obj (.text:malloc)
                  00001380    00000004                                   : pre_init.c.obj (.text:_system_pre_init)
                  00001384    00000004                                   : exit.c.obj (.text:abort:abort)

.cinit     0    00001388    0000002c     
                  00001388    0000001b     (.cinit..data.load) [load image, compression = lzss]
                  000013a3    00000001     --HOLE-- [fill = 0]
                  000013a4    00000008     (__TI_handler_table)
                  000013ac    00000008     (__TI_cinit_table)

.init_array 
*          0    00000000    00000000     UNINITIALIZED

.binit     0    00000000    00000000     

.data      0    20000400    000000de     UNINITIALIZED
                  20000400    000000c8     wave.obj (.data:sin_list)
                  200004c8    00000008     rtsv7M4_T_le_v4SPD16_eabi.lib : _lock.c.obj (.data:$O1$$)
                  200004d0    00000008                                   : memory.c.obj (.data:$O1$$)
                  200004d8    00000004     system_msp432p401r.obj (.data)
                  200004dc    00000001     flag.obj (.data)
                  200004dd    00000001     wave.obj (.data)

.sysmem    0    20000000    00000400     UNINITIALIZED
                  20000000    00000010     rtsv7M4_T_le_v4SPD16_eabi.lib : memory.c.obj (.sysmem)
                  20000010    000003f0     --HOLE--

.stack     0    2000fe00    00000200     UNINITIALIZED
                  2000fe00    00000004     rtsv7M4_T_le_v4SPD16_eabi.lib : boot_cortex_m.c.obj (.stack)
                  2000fe04    000001fc     --HOLE--

__llvm_prf_cnts 
*          0    20000000    00000000     UNINITIALIZED

MODULE SUMMARY

       Module                        code   ro data   rw data
       ------                        ----   -------   -------
    .\
       system_msp432p401r.obj        820    0         8      
       lcd.obj                       744    0         0      
       keypad.obj                    472    0         0      
       wave.obj                      64     0         402    
       my_gpio.obj                   400    0         0      
       delay.obj                     300    0         0      
       main.obj                      296    0         0      
       startup_msp432p401r_ccs.obj   14     228       0      
       recording.obj                 224    0         0      
       spi.obj                       176    0         0      
       flag.obj                      108    0         2      
       note.obj                      78     0         0      
    +--+-----------------------------+------+---------+---------+
       Total:                        3696   228       412    
                                                             
    C:\ti\ccs1020\ccs\tools\compiler\ti-cgt-arm_20.2.2.LTS\lib\rtsv7M4_T_le_v4SPD16_eabi.lib
       memory.c.obj                  672    0         16     
       memcpy_t2.asm.obj             156    0         0      
       copy_decompress_lzss.c.obj    104    0         0      
       autoinit.c.obj                68     0         0      
       boot_cortex_m.c.obj           52     0         0      
       _lock.c.obj                   2      0         16     
       copy_decompress_none.c.obj    14     0         0      
       exit.c.obj                    4      0         0      
       pre_init.c.obj                4      0         0      
    +--+-----------------------------+------+---------+---------+
       Total:                        1076   0         32     
                                                             
       Heap:                         0      0         2048   
       Stack:                        0      0         1024   
       Linker Generated:             0      43        0      
    +--+-----------------------------+------+---------+---------+
       Grand Total:                  4772   271       3516   


LINKER GENERATED COPY TABLES

__TI_cinit_table @ 000013ac records: 1, size/record: 8, table size: 8
	.data: load addr=00001388, load size=0000001b bytes, run addr=20000400, run size=000000de bytes, compression=lzss


LINKER GENERATED HANDLER TABLE

__TI_handler_table @ 000013a4 records: 2, size/record: 4, table size: 8
	index: 0, handler: __TI_decompress_lzss
	index: 1, handler: __TI_decompress_none


GLOBAL SYMBOLS: SORTED ALPHABETICALLY BY Name 

address   name                          
-------   ----                          
00001377  ADC14_IRQHandler              
00001377  AES256_IRQHandler             
00001377  BusFault_Handler              
00001385  C$$EXIT                       
00001377  COMP_E0_IRQHandler            
00001377  COMP_E1_IRQHandler            
00001377  CS_IRQHandler                 
00001377  DMA_ERR_IRQHandler            
00001377  DMA_INT0_IRQHandler           
00001377  DMA_INT1_IRQHandler           
00001377  DMA_INT2_IRQHandler           
00001377  DMA_INT3_IRQHandler           
00001377  DebugMon_Handler              
00001377  Default_Handler               
00001377  EUSCIA0_IRQHandler            
00001377  EUSCIA1_IRQHandler            
00001377  EUSCIA2_IRQHandler            
00001377  EUSCIA3_IRQHandler            
00001377  EUSCIB0_IRQHandler            
00001377  EUSCIB1_IRQHandler            
00001377  EUSCIB2_IRQHandler            
00001377  EUSCIB3_IRQHandler            
00001377  FLCTL_IRQHandler              
00001377  FPU_IRQHandler                
00001377  HardFault_Handler             
00001377  MemManage_Handler             
00001377  NMI_Handler                   
00001377  PCM_IRQHandler                
00001377  PORT1_IRQHandler              
00001377  PORT2_IRQHandler              
00001377  PORT3_IRQHandler              
00001377  PORT4_IRQHandler              
00001377  PORT5_IRQHandler              
00001377  PORT6_IRQHandler              
00001377  PSS_IRQHandler                
00001377  PendSV_Handler                
00001377  RTC_C_IRQHandler              
0000136b  Reset_Handler                 
00001377  SVC_Handler                   
00001377  SysTick_Handler               
200004d8  SystemCoreClock               
000000e5  SystemCoreClockUpdate         
0000035d  SystemInit                    
00001377  T32_INT1_IRQHandler           
00001377  T32_INT2_IRQHandler           
00001377  T32_INTC_IRQHandler           
00001377  TA0_0_IRQHandler              
00001377  TA0_N_IRQHandler              
00001377  TA1_0_IRQHandler              
00001377  TA1_N_IRQHandler              
00001377  TA2_0_IRQHandler              
00001377  TA2_N_IRQHandler              
00001377  TA3_0_IRQHandler              
00001377  TA3_N_IRQHandler              
00001377  UsageFault_Handler            
4000480c  WDTCTL_SYM                    
00001377  WDT_A_IRQHandler              
20010000  __STACK_END                   
00000200  __STACK_SIZE                  
00000400  __SYSMEM_SIZE                 
000013ac  __TI_CINIT_Base               
000013b4  __TI_CINIT_Limit              
000013a4  __TI_Handler_Table_Base       
000013ac  __TI_Handler_Table_Limit      
00001261  __TI_auto_init_nobinit_nopinit
000011a9  __TI_decompress_lzss          
0000135d  __TI_decompress_none          
ffffffff  __TI_pprof_out_hndl           
ffffffff  __TI_prof_data_size           
ffffffff  __TI_prof_data_start          
00000000  __TI_static_base__            
00001031  __aeabi_memcpy                
00001031  __aeabi_memcpy4               
00001031  __aeabi_memcpy8               
ffffffff  __binit__                     
ffffffff  __c_args__                    
UNDEFED   __mpu_init                    
2000fe00  __stack                       
20000000  __start___llvm_prf_cnts       
20000000  __stop___llvm_prf_cnts        
000012e5  _c_int00_noargs               
200004c8  _lock                         
0000125f  _nop                          
20000000  _sys_memory                   
UNDEFED   _system_post_cinit            
00001381  _system_pre_init              
200004cc  _unlock                       
00001385  abort                         
00000cbd  aligned_alloc                 
ffffffff  binit                         
0000116d  check_flag                    
000006c5  clearLCD                      
00001155  clear_flag                    
0000093d  createInputEven               
0000099f  createInputOdd                
000008d9  createOutputEven              
0000090b  createOutputOdd               
00000701  debounce                      
00000ab1  delay_us                      
0000072d  detectKeyPress                
00000dbd  free                          
00000f59  free_recording                
000007db  getChar                       
000012a5  get_next_sin_value            
000006d1  homeLCD                       
000005bd  initLCD                       
00001211  init_notes                    
00000000  interruptVectors              
0000074b  keyPress                      
00000b95  main                          
00001379  malloc                        
00000cbd  memalign                      
00001031  memcpy                        
000006dd  moveCursor                    
00000ee9  playback                      
00000ea1  recording                     
00000a01  setOutEven                    
00000a35  setOutOdd                     
0000113d  set_flag                      
00000717  setupKeypadPorts              
00000419  setupPorts                    
00000f81  setupSPI                      
00000a69  setup_DCO                     
0000118b  toggle_flag                   
00000fcb  transmit                      
00000625  writeChar                     
00000669  writeCharOffset               
0000042d  writeCmd                      
000004fb  writeData                     
00000635  writeString                   
00000685  writeStringOffset             


GLOBAL SYMBOLS: SORTED BY Symbol Address 

address   name                          
-------   ----                          
00000000  __TI_static_base__            
00000000  interruptVectors              
000000e5  SystemCoreClockUpdate         
00000200  __STACK_SIZE                  
0000035d  SystemInit                    
00000400  __SYSMEM_SIZE                 
00000419  setupPorts                    
0000042d  writeCmd                      
000004fb  writeData                     
000005bd  initLCD                       
00000625  writeChar                     
00000635  writeString                   
00000669  writeCharOffset               
00000685  writeStringOffset             
000006c5  clearLCD                      
000006d1  homeLCD                       
000006dd  moveCursor                    
00000701  debounce                      
00000717  setupKeypadPorts              
0000072d  detectKeyPress                
0000074b  keyPress                      
000007db  getChar                       
000008d9  createOutputEven              
0000090b  createOutputOdd               
0000093d  createInputEven               
0000099f  createInputOdd                
00000a01  setOutEven                    
00000a35  setOutOdd                     
00000a69  setup_DCO                     
00000ab1  delay_us                      
00000b95  main                          
00000cbd  aligned_alloc                 
00000cbd  memalign                      
00000dbd  free                          
00000ea1  recording                     
00000ee9  playback                      
00000f59  free_recording                
00000f81  setupSPI                      
00000fcb  transmit                      
00001031  __aeabi_memcpy                
00001031  __aeabi_memcpy4               
00001031  __aeabi_memcpy8               
00001031  memcpy                        
0000113d  set_flag                      
00001155  clear_flag                    
0000116d  check_flag                    
0000118b  toggle_flag                   
000011a9  __TI_decompress_lzss          
00001211  init_notes                    
0000125f  _nop                          
00001261  __TI_auto_init_nobinit_nopinit
000012a5  get_next_sin_value            
000012e5  _c_int00_noargs               
0000135d  __TI_decompress_none          
0000136b  Reset_Handler                 
00001377  ADC14_IRQHandler              
00001377  AES256_IRQHandler             
00001377  BusFault_Handler              
00001377  COMP_E0_IRQHandler            
00001377  COMP_E1_IRQHandler            
00001377  CS_IRQHandler                 
00001377  DMA_ERR_IRQHandler            
00001377  DMA_INT0_IRQHandler           
00001377  DMA_INT1_IRQHandler           
00001377  DMA_INT2_IRQHandler           
00001377  DMA_INT3_IRQHandler           
00001377  DebugMon_Handler              
00001377  Default_Handler               
00001377  EUSCIA0_IRQHandler            
00001377  EUSCIA1_IRQHandler            
00001377  EUSCIA2_IRQHandler            
00001377  EUSCIA3_IRQHandler            
00001377  EUSCIB0_IRQHandler            
00001377  EUSCIB1_IRQHandler            
00001377  EUSCIB2_IRQHandler            
00001377  EUSCIB3_IRQHandler            
00001377  FLCTL_IRQHandler              
00001377  FPU_IRQHandler                
00001377  HardFault_Handler             
00001377  MemManage_Handler             
00001377  NMI_Handler                   
00001377  PCM_IRQHandler                
00001377  PORT1_IRQHandler              
00001377  PORT2_IRQHandler              
00001377  PORT3_IRQHandler              
00001377  PORT4_IRQHandler              
00001377  PORT5_IRQHandler              
00001377  PORT6_IRQHandler              
00001377  PSS_IRQHandler                
00001377  PendSV_Handler                
00001377  RTC_C_IRQHandler              
00001377  SVC_Handler                   
00001377  SysTick_Handler               
00001377  T32_INT1_IRQHandler           
00001377  T32_INT2_IRQHandler           
00001377  T32_INTC_IRQHandler           
00001377  TA0_0_IRQHandler              
00001377  TA0_N_IRQHandler              
00001377  TA1_0_IRQHandler              
00001377  TA1_N_IRQHandler              
00001377  TA2_0_IRQHandler              
00001377  TA2_N_IRQHandler              
00001377  TA3_0_IRQHandler              
00001377  TA3_N_IRQHandler              
00001377  UsageFault_Handler            
00001377  WDT_A_IRQHandler              
00001379  malloc                        
00001381  _system_pre_init              
00001385  C$$EXIT                       
00001385  abort                         
000013a4  __TI_Handler_Table_Base       
000013ac  __TI_CINIT_Base               
000013ac  __TI_Handler_Table_Limit      
000013b4  __TI_CINIT_Limit              
20000000  __start___llvm_prf_cnts       
20000000  __stop___llvm_prf_cnts        
20000000  _sys_memory                   
200004c8  _lock                         
200004cc  _unlock                       
200004d8  SystemCoreClock               
2000fe00  __stack                       
20010000  __STACK_END                   
4000480c  WDTCTL_SYM                    
ffffffff  __TI_pprof_out_hndl           
ffffffff  __TI_prof_data_size           
ffffffff  __TI_prof_data_start          
ffffffff  __binit__                     
ffffffff  __c_args__                    
ffffffff  binit                         
UNDEFED   __mpu_init                    
UNDEFED   _system_post_cinit            

[131 symbols]
