******************************************************************************
                  TI ARM Linker PC v20.2.2                     
******************************************************************************
>> Linked Tue Jun  1 21:35:09 2021

OUTPUT FILE NAME:   <Synthesizer.out>
ENTRY POINT SYMBOL: "_c_int00_noargs"  address: 00000f1d


MEMORY CONFIGURATION

         name            origin    length      used     unused   attr    fill
----------------------  --------  ---------  --------  --------  ----  --------
  MAIN                  00000000   00040000  0000105c  0003efa4  R  X
  INFO                  00200000   00004000  00000000  00004000  R  X
  SRAM_CODE             01000000   00010000  000002ce  0000fd32  RW X
  SRAM_DATA             20000000   00010000  000002ce  0000fd32  RW  


SEGMENT ALLOCATION MAP

run origin  load origin   length   init length attrs members
----------  ----------- ---------- ----------- ----- -------
00000000    00000000    00001060   00001060    r-x
  00000000    00000000    000000e4   000000e4    r-- .intvecs
  000000e4    000000e4    00000e90   00000e90    r-x .text
  00000f78    00000f78    000000e8   000000e8    r-- .cinit
20000000    20000000    000000ce   00000000    rw-
  20000000    20000000    000000ce   00000000    rw- .data
2000fe00    2000fe00    00000200   00000000    rw-
  2000fe00    2000fe00    00000200   00000000    rw- .stack


SECTION ALLOCATION MAP

 output                                  attributes/
section   page    origin      length       input sections
--------  ----  ----------  ----------   ----------------
.intvecs   0    00000000    000000e4     
                  00000000    000000e4     startup_msp432p401r_ccs.obj (.intvecs:retain)

.text      0    000000e4    00000e90     
                  000000e4    00000334     system_msp432p401r.obj (.text)
                  00000418    000002e8     lcd.obj (.text)
                  00000700    000001d8     keypad.obj (.text)
                  000008d8    00000190     my_gpio.obj (.text)
                  00000a68    0000012c     delay.obj (.text)
                  00000b94    000000e4     main.obj (.text)
                  00000c78    000000b0     spi.obj (.text)
                  00000d28    0000009c     rtsv7M4_T_le_v4SPD16_eabi.lib : memcpy_t2.asm.obj (.text)
                  00000dc4    0000006c     flag.obj (.text)
                  00000e30    00000068     rtsv7M4_T_le_v4SPD16_eabi.lib : copy_decompress_lzss.c.obj (.text:decompress:lzss:__TI_decompress_lzss)
                  00000e98    00000044                                   : autoinit.c.obj (.text:__TI_auto_init_nobinit_nopinit:__TI_auto_init_nobinit_nopinit)
                  00000edc    00000040     wave.obj (.text)
                  00000f1c    00000034     rtsv7M4_T_le_v4SPD16_eabi.lib : boot_cortex_m.c.obj (.text:_c_int00_noargs:_c_int00_noargs)
                  00000f50    0000000e                                   : copy_decompress_none.c.obj (.text:decompress:none:__TI_decompress_none)
                  00000f5e    0000000e     startup_msp432p401r_ccs.obj (.text)
                  00000f6c    00000004     rtsv7M4_T_le_v4SPD16_eabi.lib : pre_init.c.obj (.text:_system_pre_init)
                  00000f70    00000004                                   : exit.c.obj (.text:abort:abort)

.cinit     0    00000f78    000000e8     
                  00000f78    000000d6     (.cinit..data.load) [load image]
                  0000104e    00000002     --HOLE-- [fill = 0]
                  00001050    00000008     (__TI_handler_table)
                  00001058    00000008     (__TI_cinit_table)

.init_array 
*          0    00000000    00000000     UNINITIALIZED

.binit     0    00000000    00000000     

.data      0    20000000    000000ce     UNINITIALIZED
                  20000000    000000c8     wave.obj (.data:sin_list)
                  200000c8    00000004     system_msp432p401r.obj (.data)
                  200000cc    00000001     flag.obj (.data)
                  200000cd    00000001     wave.obj (.data)

.stack     0    2000fe00    00000200     UNINITIALIZED
                  2000fe00    00000004     rtsv7M4_T_le_v4SPD16_eabi.lib : boot_cortex_m.c.obj (.stack)
                  2000fe04    000001fc     --HOLE--

__llvm_prf_cnts 
*          0    20000000    00000000     UNINITIALIZED

MODULE SUMMARY

       Module                        code   ro data   rw data
       ------                        ----   -------   -------
    .\
       system_msp432p401r.obj        820    0         8      
       lcd.obj                       744    0         0      
       keypad.obj                    472    0         0      
       wave.obj                      64     0         402    
       my_gpio.obj                   400    0         0      
       delay.obj                     300    0         0      
       startup_msp432p401r_ccs.obj   14     228       0      
       main.obj                      228    0         0      
       spi.obj                       176    0         0      
       flag.obj                      108    0         2      
    +--+-----------------------------+------+---------+---------+
       Total:                        3326   228       412    
                                                             
    C:\ti\ccs1020\ccs\tools\compiler\ti-cgt-arm_20.2.2.LTS\lib\rtsv7M4_T_le_v4SPD16_eabi.lib
       memcpy_t2.asm.obj             156    0         0      
       copy_decompress_lzss.c.obj    104    0         0      
       autoinit.c.obj                68     0         0      
       boot_cortex_m.c.obj           52     0         0      
       copy_decompress_none.c.obj    14     0         0      
       exit.c.obj                    4      0         0      
       pre_init.c.obj                4      0         0      
    +--+-----------------------------+------+---------+---------+
       Total:                        402    0         0      
                                                             
       Stack:                        0      0         1024   
       Linker Generated:             0      230       0      
    +--+-----------------------------+------+---------+---------+
       Grand Total:                  3728   458       1436   


LINKER GENERATED COPY TABLES

__TI_cinit_table @ 00001058 records: 1, size/record: 8, table size: 8
	.data: load addr=00000f78, load size=000000d6 bytes, run addr=20000000, run size=000000ce bytes, compression=copy


LINKER GENERATED HANDLER TABLE

__TI_handler_table @ 00001050 records: 2, size/record: 4, table size: 8
	index: 0, handler: __TI_decompress_lzss
	index: 1, handler: __TI_decompress_none


GLOBAL SYMBOLS: SORTED ALPHABETICALLY BY Name 

address   name                          
-------   ----                          
00000f6b  ADC14_IRQHandler              
00000f6b  AES256_IRQHandler             
00000f6b  BusFault_Handler              
00000f71  C$$EXIT                       
00000f6b  COMP_E0_IRQHandler            
00000f6b  COMP_E1_IRQHandler            
00000f6b  CS_IRQHandler                 
00000f6b  DMA_ERR_IRQHandler            
00000f6b  DMA_INT0_IRQHandler           
00000f6b  DMA_INT1_IRQHandler           
00000f6b  DMA_INT2_IRQHandler           
00000f6b  DMA_INT3_IRQHandler           
00000f6b  DebugMon_Handler              
00000f6b  Default_Handler               
00000f6b  EUSCIA0_IRQHandler            
00000f6b  EUSCIA1_IRQHandler            
00000f6b  EUSCIA2_IRQHandler            
00000f6b  EUSCIA3_IRQHandler            
00000f6b  EUSCIB0_IRQHandler            
00000f6b  EUSCIB1_IRQHandler            
00000f6b  EUSCIB2_IRQHandler            
00000f6b  EUSCIB3_IRQHandler            
00000f6b  FLCTL_IRQHandler              
00000f6b  FPU_IRQHandler                
00000f6b  HardFault_Handler             
00000f6b  MemManage_Handler             
00000f6b  NMI_Handler                   
00000f6b  PCM_IRQHandler                
00000f6b  PORT1_IRQHandler              
00000f6b  PORT2_IRQHandler              
00000f6b  PORT3_IRQHandler              
00000f6b  PORT4_IRQHandler              
00000f6b  PORT5_IRQHandler              
00000f6b  PORT6_IRQHandler              
00000f6b  PSS_IRQHandler                
00000f6b  PendSV_Handler                
00000f6b  RTC_C_IRQHandler              
00000f5f  Reset_Handler                 
00000f6b  SVC_Handler                   
00000f6b  SysTick_Handler               
200000c8  SystemCoreClock               
000000e5  SystemCoreClockUpdate         
0000035d  SystemInit                    
00000f6b  T32_INT1_IRQHandler           
00000f6b  T32_INT2_IRQHandler           
00000f6b  T32_INTC_IRQHandler           
00000b95  TA0_0_IRQHandler              
00000b95  TA0_0_IRQHandler              
00000bb3  TA0_N_IRQHandler              
00000bb3  TA0_N_IRQHandler              
00000f6b  TA1_0_IRQHandler              
00000f6b  TA1_N_IRQHandler              
00000f6b  TA2_0_IRQHandler              
00000f6b  TA2_N_IRQHandler              
00000f6b  TA3_0_IRQHandler              
00000f6b  TA3_N_IRQHandler              
00000f6b  UsageFault_Handler            
4000480c  WDTCTL_SYM                    
00000f6b  WDT_A_IRQHandler              
20010000  __STACK_END                   
00000200  __STACK_SIZE                  
00001058  __TI_CINIT_Base               
00001060  __TI_CINIT_Limit              
00001050  __TI_Handler_Table_Base       
00001058  __TI_Handler_Table_Limit      
00000e99  __TI_auto_init_nobinit_nopinit
00000e31  __TI_decompress_lzss          
00000f51  __TI_decompress_none          
ffffffff  __TI_pprof_out_hndl           
ffffffff  __TI_prof_data_size           
ffffffff  __TI_prof_data_start          
00000000  __TI_static_base__            
00000d29  __aeabi_memcpy                
00000d29  __aeabi_memcpy4               
00000d29  __aeabi_memcpy8               
ffffffff  __binit__                     
ffffffff  __c_args__                    
UNDEFED   __mpu_init                    
2000fe00  __stack                       
20000000  __start___llvm_prf_cnts       
20000000  __stop___llvm_prf_cnts        
00000f1d  _c_int00_noargs               
UNDEFED   _system_post_cinit            
00000f6d  _system_pre_init              
00000f71  abort                         
ffffffff  binit                         
00000df5  check_flag                    
000006c5  clearLCD                      
00000ddd  clear_flag                    
0000093d  createInputEven               
0000099f  createInputOdd                
000008d9  createOutputEven              
0000090b  createOutputOdd               
00000701  debounce                      
00000ab1  delay_us                      
0000072d  detectKeyPress                
000007db  getChar                       
00000edd  get_next_sin_value            
000006d1  homeLCD                       
000005bd  initLCD                       
00000000  interruptVectors              
0000074b  keyPress                      
00000bcd  main                          
00000d29  memcpy                        
000006dd  moveCursor                    
00000a01  setOutEven                    
00000a35  setOutOdd                     
00000dc5  set_flag                      
00000717  setupKeypadPorts              
00000419  setupPorts                    
00000c79  setupSPI                      
00000a69  setup_DCO                     
00000e13  toggle_flag                   
00000cc3  transmit                      
00000625  writeChar                     
00000669  writeCharOffset               
0000042d  writeCmd                      
000004fb  writeData                     
00000635  writeString                   
00000685  writeStringOffset             


GLOBAL SYMBOLS: SORTED BY Symbol Address 

address   name                          
-------   ----                          
00000000  __TI_static_base__            
00000000  interruptVectors              
000000e5  SystemCoreClockUpdate         
00000200  __STACK_SIZE                  
0000035d  SystemInit                    
00000419  setupPorts                    
0000042d  writeCmd                      
000004fb  writeData                     
000005bd  initLCD                       
00000625  writeChar                     
00000635  writeString                   
00000669  writeCharOffset               
00000685  writeStringOffset             
000006c5  clearLCD                      
000006d1  homeLCD                       
000006dd  moveCursor                    
00000701  debounce                      
00000717  setupKeypadPorts              
0000072d  detectKeyPress                
0000074b  keyPress                      
000007db  getChar                       
000008d9  createOutputEven              
0000090b  createOutputOdd               
0000093d  createInputEven               
0000099f  createInputOdd                
00000a01  setOutEven                    
00000a35  setOutOdd                     
00000a69  setup_DCO                     
00000ab1  delay_us                      
00000b95  TA0_0_IRQHandler              
00000b95  TA0_0_IRQHandler              
00000bb3  TA0_N_IRQHandler              
00000bb3  TA0_N_IRQHandler              
00000bcd  main                          
00000c79  setupSPI                      
00000cc3  transmit                      
00000d29  __aeabi_memcpy                
00000d29  __aeabi_memcpy4               
00000d29  __aeabi_memcpy8               
00000d29  memcpy                        
00000dc5  set_flag                      
00000ddd  clear_flag                    
00000df5  check_flag                    
00000e13  toggle_flag                   
00000e31  __TI_decompress_lzss          
00000e99  __TI_auto_init_nobinit_nopinit
00000edd  get_next_sin_value            
00000f1d  _c_int00_noargs               
00000f51  __TI_decompress_none          
00000f5f  Reset_Handler                 
00000f6b  ADC14_IRQHandler              
00000f6b  AES256_IRQHandler             
00000f6b  BusFault_Handler              
00000f6b  COMP_E0_IRQHandler            
00000f6b  COMP_E1_IRQHandler            
00000f6b  CS_IRQHandler                 
00000f6b  DMA_ERR_IRQHandler            
00000f6b  DMA_INT0_IRQHandler           
00000f6b  DMA_INT1_IRQHandler           
00000f6b  DMA_INT2_IRQHandler           
00000f6b  DMA_INT3_IRQHandler           
00000f6b  DebugMon_Handler              
00000f6b  Default_Handler               
00000f6b  EUSCIA0_IRQHandler            
00000f6b  EUSCIA1_IRQHandler            
00000f6b  EUSCIA2_IRQHandler            
00000f6b  EUSCIA3_IRQHandler            
00000f6b  EUSCIB0_IRQHandler            
00000f6b  EUSCIB1_IRQHandler            
00000f6b  EUSCIB2_IRQHandler            
00000f6b  EUSCIB3_IRQHandler            
00000f6b  FLCTL_IRQHandler              
00000f6b  FPU_IRQHandler                
00000f6b  HardFault_Handler             
00000f6b  MemManage_Handler             
00000f6b  NMI_Handler                   
00000f6b  PCM_IRQHandler                
00000f6b  PORT1_IRQHandler              
00000f6b  PORT2_IRQHandler              
00000f6b  PORT3_IRQHandler              
00000f6b  PORT4_IRQHandler              
00000f6b  PORT5_IRQHandler              
00000f6b  PORT6_IRQHandler              
00000f6b  PSS_IRQHandler                
00000f6b  PendSV_Handler                
00000f6b  RTC_C_IRQHandler              
00000f6b  SVC_Handler                   
00000f6b  SysTick_Handler               
00000f6b  T32_INT1_IRQHandler           
00000f6b  T32_INT2_IRQHandler           
00000f6b  T32_INTC_IRQHandler           
00000f6b  TA1_0_IRQHandler              
00000f6b  TA1_N_IRQHandler              
00000f6b  TA2_0_IRQHandler              
00000f6b  TA2_N_IRQHandler              
00000f6b  TA3_0_IRQHandler              
00000f6b  TA3_N_IRQHandler              
00000f6b  UsageFault_Handler            
00000f6b  WDT_A_IRQHandler              
00000f6d  _system_pre_init              
00000f71  C$$EXIT                       
00000f71  abort                         
00001050  __TI_Handler_Table_Base       
00001058  __TI_CINIT_Base               
00001058  __TI_Handler_Table_Limit      
00001060  __TI_CINIT_Limit              
20000000  __start___llvm_prf_cnts       
20000000  __stop___llvm_prf_cnts        
200000c8  SystemCoreClock               
2000fe00  __stack                       
20010000  __STACK_END                   
4000480c  WDTCTL_SYM                    
ffffffff  __TI_pprof_out_hndl           
ffffffff  __TI_prof_data_size           
ffffffff  __TI_prof_data_start          
ffffffff  __binit__                     
ffffffff  __c_args__                    
ffffffff  binit                         
UNDEFED   __mpu_init                    
UNDEFED   _system_post_cinit            

[120 symbols]
